// Jest Snapshot v1, https://goo.gl/fbAQLP

exports[`renders Glitch correctly 1`] = `
<View
  pointerEvents="none"
  style={
    Object {
      "elevation": 100,
      "height": "100%",
      "position": "absolute",
      "top": 0,
      "width": "100%",
    }
  }
>
  <Image
    source={
      Object {
        "process": [Function],
      }
    }
    style={
      Object {
        "height": 1334,
        "width": 750,
      }
    }
  />
  <Image
    source={
      Object {
        "process": [Function],
      }
    }
    style={
      Object {
        "left": "39%",
        "top": "23%",
        "width": 750,
      }
    }
  />
  <Image
    source={
      Object {
        "process": [Function],
      }
    }
    style={
      Object {
        "left": "4%",
        "top": "60%",
        "width": 750,
      }
    }
  />
  <Image
    source={
      Object {
        "process": [Function],
      }
    }
    style={
      Object {
        "left": "47%",
        "top": "15%",
        "width": 750,
      }
    }
  />
</View>
`;
